src/features/admin/ClearanceAdminPage.tsx(715,76): error TS2769: No overload matches this call.
  Overload 1 of 2, '(values: RejectExcessProperties<{ admin_verified?: boolean | undefined; auth_user_id?: string | null | undefined; created_at?: string | undefined; faculty_verified?: boolean | undefined; fully_verified?: boolean | undefined; ... 18 more ...; year: number; }, { ...; }>, options?: { ...; } | undefined): PostgrestFilterBuilder<...>', gave the following error.
    Argument of type '{ student_id: string; email: string; fees_total: number; fees_paid: number; hostel_total: number; hostel_paid: number; in_library: boolean; in_hostel: boolean; in_fees: boolean; library_cleared: boolean; hostel_cleared: boolean; fees_cleared: boolean; }' is not assignable to parameter of type 'RejectExcessProperties<{ admin_verified?: boolean | undefined; auth_user_id?: string | null | undefined; created_at?: string | undefined; faculty_verified?: boolean | undefined; fully_verified?: boolean | undefined; ... 18 more ...; year: number; }, { ...; }>'.
      Type '{ student_id: string; email: string; fees_total: number; fees_paid: number; hostel_total: number; hostel_paid: number; in_library: boolean; in_hostel: boolean; in_fees: boolean; library_cleared: boolean; hostel_cleared: boolean; fees_cleared: boolean; }' is missing the following properties from type '{ admin_verified?: boolean | undefined; auth_user_id?: string | null | undefined; created_at?: string | undefined; faculty_verified?: boolean | undefined; fully_verified?: boolean | undefined; ... 18 more ...; year: number; }': department, full_name, semester, year
  Overload 2 of 2, '(values: RejectExcessProperties<{ admin_verified?: boolean | undefined; auth_user_id?: string | null | undefined; created_at?: string | undefined; faculty_verified?: boolean | undefined; fully_verified?: boolean | undefined; ... 18 more ...; year: number; }, { ...; }>[], options?: { ...; } | undefined): PostgrestFilterBuilder<...>', gave the following error.
    Argument of type '{ student_id: string; email: string; fees_total: number; fees_paid: number; hostel_total: number; hostel_paid: number; in_library: boolean; in_hostel: boolean; in_fees: boolean; library_cleared: boolean; hostel_cleared: boolean; fees_cleared: boolean; }' is not assignable to parameter of type 'RejectExcessProperties<{ admin_verified?: boolean | undefined; auth_user_id?: string | null | undefined; created_at?: string | undefined; faculty_verified?: boolean | undefined; fully_verified?: boolean | undefined; ... 18 more ...; year: number; }, { ...; }>[]'.
      Type '{ student_id: string; email: string; fees_total: number; fees_paid: number; hostel_total: number; hostel_paid: number; in_library: boolean; in_hostel: boolean; in_fees: boolean; library_cleared: boolean; hostel_cleared: boolean; fees_cleared: boolean; }' is missing the following properties from type 'RejectExcessProperties<{ admin_verified?: boolean | undefined; auth_user_id?: string | null | undefined; created_at?: string | undefined; faculty_verified?: boolean | undefined; fully_verified?: boolean | undefined; ... 18 more ...; year: number; }, { ...; }>[]': length, pop, push, concat, and 29 more.
src/features/admin/ClearanceAdminPage.tsx(736,104): error TS2322: Type 'string' is not assignable to type '"CSE"'.
src/features/admin/SuperAdminStudentHub.tsx(91,62): error TS2345: Argument of type 'Record<string, unknown>' is not assignable to parameter of type 'RejectExcessProperties<{ admin_verified?: boolean | undefined; auth_user_id?: string | null | undefined; created_at?: string | undefined; faculty_verified?: boolean | undefined; fully_verified?: boolean | undefined; ... 18 more ...; year?: number | undefined; }, Record<...>>'.
  Type 'Record<string, unknown>' is not assignable to type '{ [x: string]: never; }'.
    'string' index signatures are incompatible.
      Type 'unknown' is not assignable to type 'never'.
src/features/marks/GradeCardDetailsAdminPanel.tsx(170,17): error TS2769: No overload matches this call.
  Overload 1 of 2, '(values: RejectExcessProperties<{ created_at?: string | undefined; exam_month_year?: string | null | undefined; final_grade?: string | null | undefined; id?: string | undefined; issue_date?: string | null | undefined; ... 7 more ...; updated_at?: string | undefined; }, { ...; }>, options?: { ...; } | undefined): PostgrestFilterBuilder<...>', gave the following error.
    Argument of type '{ student_id: string; student_name: string; programme_title: string; programme_code: string; registration_no: string; semester_label: string; exam_month_year: string; row_number: number; ... 7 more ...; created_at: string; }' is not assignable to parameter of type 'RejectExcessProperties<{ created_at?: string | undefined; exam_month_year?: string | null | undefined; final_grade?: string | null | undefined; id?: string | undefined; issue_date?: string | null | undefined; ... 7 more ...; updated_at?: string | undefined; }, { ...; }>'.
      Type '{ student_id: string; student_name: string; programme_title: string; programme_code: string; registration_no: string; semester_label: string; exam_month_year: string; row_number: number; ... 7 more ...; created_at: string; }' is not assignable to type '{ course_category: never; total_credit_points: never; total_credits: never; row_number: never; }'.
        Types of property 'course_category' are incompatible.
          Type 'string' is not assignable to type 'never'.
  Overload 2 of 2, '(values: RejectExcessProperties<{ created_at?: string | undefined; exam_month_year?: string | null | undefined; final_grade?: string | null | undefined; id?: string | undefined; issue_date?: string | null | undefined; ... 7 more ...; updated_at?: string | undefined; }, { ...; }>[], options?: { ...; } | undefined): PostgrestFilterBuilder<...>', gave the following error.
    Argument of type '{ student_id: string; student_name: string; programme_title: string; programme_code: string; registration_no: string; semester_label: string; exam_month_year: string; row_number: number; ... 7 more ...; created_at: string; }' is not assignable to parameter of type 'RejectExcessProperties<{ created_at?: string | undefined; exam_month_year?: string | null | undefined; final_grade?: string | null | undefined; id?: string | undefined; issue_date?: string | null | undefined; ... 7 more ...; updated_at?: string | undefined; }, { ...; }>[]'.
      Type '{ student_id: string; student_name: string; programme_title: string; programme_code: string; registration_no: string; semester_label: string; exam_month_year: string; row_number: number; ... 7 more ...; created_at: string; }' is missing the following properties from type 'RejectExcessProperties<{ created_at?: string | undefined; exam_month_year?: string | null | undefined; final_grade?: string | null | undefined; id?: string | undefined; issue_date?: string | null | undefined; ... 7 more ...; updated_at?: string | undefined; }, { ...; }>[]': length, pop, push, concat, and 29 more.
src/features/marks/GradeCardDetailsAdminPanel.tsx(188,13): error TS2322: Type 'string | null' is not assignable to type 'string'.
  Type 'null' is not assignable to type 'string'.
src/features/marks/GradeCardDetailsAdminPanel.tsx(194,29): error TS2769: No overload matches this call.
  Overload 1 of 2, '(relation: "students" | "email_otps" | "library_books" | "portal_profiles" | "portal_notifications" | "student_marks" | "student_grade_profiles" | "grade_card_details" | "student_marksheets"): PostgrestQueryBuilder<...>', gave the following error.
    Argument of type '"main_grade_card"' is not assignable to parameter of type '"students" | "email_otps" | "library_books" | "portal_profiles" | "portal_notifications" | "student_marks" | "student_grade_profiles" | "grade_card_details" | "student_marksheets"'.
  Overload 2 of 2, '(relation: never): PostgrestQueryBuilder<{ PostgrestVersion: "14.5"; }, { Tables: { email_otps: { Row: { created_at: string; email: string; expires_at: string; id: string; otp: string; used: boolean; }; Insert: { created_at?: string | undefined; ... 4 more ...; used?: boolean | undefined; }; Update: { ...; }; Relationships: []; }; ... 7 more ...; students: { ...; }; }; Views: {}; Functions: { ...; }; Enums: { ...; }; CompositeTypes: {}; }, never, never, never>', gave the following error.
    Argument of type '"main_grade_card"' is not assignable to parameter of type 'never'.
src/features/marks/GradeCardDetailsAdminPanel.tsx(194,60): error TS2345: Argument of type '"student_id"' is not assignable to parameter of type '"created_at"'.
src/features/marks/GradeCardDetailsAdminPanel.tsx(196,17): error TS2769: No overload matches this call.
  Overload 1 of 2, '(relation: "students" | "email_otps" | "library_books" | "portal_profiles" | "portal_notifications" | "student_marks" | "student_grade_profiles" | "grade_card_details" | "student_marksheets"): PostgrestQueryBuilder<...>', gave the following error.
    Argument of type '"main_grade_card"' is not assignable to parameter of type '"students" | "email_otps" | "library_books" | "portal_profiles" | "portal_notifications" | "student_marks" | "student_grade_profiles" | "grade_card_details" | "student_marksheets"'.
  Overload 2 of 2, '(relation: never): PostgrestQueryBuilder<{ PostgrestVersion: "14.5"; }, { Tables: { email_otps: { Row: { created_at: string; email: string; expires_at: string; id: string; otp: string; used: boolean; }; Insert: { created_at?: string | undefined; ... 4 more ...; used?: boolean | undefined; }; Update: { ...; }; Relationships: []; }; ... 7 more ...; students: { ...; }; }; Views: {}; Functions: { ...; }; Enums: { ...; }; CompositeTypes: {}; }, never, never, never>', gave the following error.
    Argument of type '"main_grade_card"' is not assignable to parameter of type 'never'.
src/features/marks/GradeCardDetailsAdminPanel.tsx(197,19): error TS2769: No overload matches this call.
  Overload 1 of 2, '(values: RejectExcessProperties<{ created_at?: string | undefined; email: string; expires_at: string; id?: string | undefined; otp: string; used?: boolean | undefined; } | { author?: string | null | undefined; borrowed_at?: string | undefined; ... 5 more ...; title: string; } | ... 6 more ... | { ...; }, { ...; } | ... 7 more ... | { ...; }>, options?: { ...; } | undefined): PostgrestFilterBuilder<...>', gave the following error.
    Argument of type 'MainGradeCardRow[]' is not assignable to parameter of type 'RejectExcessProperties<{ created_at?: string | undefined; email: string; expires_at: string; id?: string | undefined; otp: string; used?: boolean | undefined; } | { author?: string | null | undefined; borrowed_at?: string | undefined; ... 5 more ...; title: string; } | ... 6 more ... | { ...; }, { ...; } | ... 7 mor...'.
  Overload 2 of 2, '(values: RejectExcessProperties<{ created_at?: string | undefined; email: string; expires_at: string; id?: string | undefined; otp: string; used?: boolean | undefined; } | { author?: string | null | undefined; borrowed_at?: string | undefined; ... 5 more ...; title: string; } | ... 6 more ... | { ...; }, { ...; } | ... 7 more ... | { ...; }>[], options?: { ...; } | undefined): PostgrestFilterBuilder<...>', gave the following error.
    Argument of type 'MainGradeCardRow[]' is not assignable to parameter of type 'RejectExcessProperties<{ created_at?: string | undefined; email: string; expires_at: string; id?: string | undefined; otp: string; used?: boolean | undefined; } | { author?: string | null | undefined; borrowed_at?: string | undefined; ... 5 more ...; title: string; } | ... 6 more ... | { ...; }, { ...; } | ... 7 mor...'.
      Type 'MainGradeCardRow' is not assignable to type 'RejectExcessProperties<{ created_at?: string | undefined; email: string; expires_at: string; id?: string | undefined; otp: string; used?: boolean | undefined; } | { author?: string | null | undefined; borrowed_at?: string | undefined; ... 5 more ...; title: string; } | ... 6 more ... | { ...; }, { ...; } | ... 7 mor...'.
        Type 'MainGradeCardRow' is not assignable to type '{ courses: Json; created_at?: string | undefined; exam_month_year: string; final_grade?: string | undefined; grade_card_no: string; id?: string | undefined; issue_date: string; ... 16 more ...; updated_at?: string | undefined; } & {}'.
          Type 'MainGradeCardRow' is missing the following properties from type '{ courses: Json; created_at?: string | undefined; exam_month_year: string; final_grade?: string | undefined; grade_card_no: string; id?: string | undefined; issue_date: string; photo_bucket?: string | ... 1 more ... | undefined; ... 15 more ...; updated_at?: string | undefined; }': courses, grade_card_no, school_name, student_roll_no
src/features/marks/GradeCardDetailsAdminPanel.tsx(292,17): error TS2769: No overload matches this call.
  Overload 1 of 2, '(values: RejectExcessProperties<{ created_at?: string | undefined; exam_month_year?: string | null | undefined; final_grade?: string | null | undefined; id?: string | undefined; issue_date?: string | null | undefined; ... 7 more ...; updated_at?: string | undefined; }, { ...; }>, options?: { ...; } | undefined): PostgrestFilterBuilder<...>', gave the following error.
    Argument of type '{ student_id: string; student_name: string; programme_title: string; programme_code: string; registration_no: string; semester_label: string; exam_month_year: string; issue_date: string | null; ... 13 more ...; created_at: string; }[]' is not assignable to parameter of type 'RejectExcessProperties<{ created_at?: string | undefined; exam_month_year?: string | null | undefined; final_grade?: string | null | undefined; id?: string | undefined; issue_date?: string | null | undefined; ... 7 more ...; updated_at?: string | undefined; }, { ...; }>'.
      Type '{ student_id: string; student_name: string; programme_title: string; programme_code: string; registration_no: string; semester_label: string; exam_month_year: string; issue_date: string | null; ... 13 more ...; created_at: string; }[]' is missing the following properties from type '{ created_at?: string | undefined; exam_month_year?: string | null | undefined; final_grade?: string | null | undefined; id?: string | undefined; issue_date?: string | null | undefined; ... 7 more ...; updated_at?: string | undefined; }': programme_code, programme_title, student_id, student_name
  Overload 2 of 2, '(values: RejectExcessProperties<{ created_at?: string | undefined; exam_month_year?: string | null | undefined; final_grade?: string | null | undefined; id?: string | undefined; issue_date?: string | null | undefined; ... 7 more ...; updated_at?: string | undefined; }, { ...; }>[], options?: { ...; } | undefined): PostgrestFilterBuilder<...>', gave the following error.
    Argument of type '{ student_id: string; student_name: string; programme_title: string; programme_code: string; registration_no: string; semester_label: string; exam_month_year: string; issue_date: string | null; ... 13 more ...; created_at: string; }[]' is not assignable to parameter of type 'RejectExcessProperties<{ created_at?: string | undefined; exam_month_year?: string | null | undefined; final_grade?: string | null | undefined; id?: string | undefined; issue_date?: string | null | undefined; ... 7 more ...; updated_at?: string | undefined; }, { ...; }>[]'.
      Type '{ student_id: string; student_name: string; programme_title: string; programme_code: string; registration_no: string; semester_label: string; exam_month_year: string; issue_date: string | null; ... 13 more ...; created_at: string; }' is not assignable to type 'RejectExcessProperties<{ created_at?: string | undefined; exam_month_year?: string | null | undefined; final_grade?: string | null | undefined; id?: string | undefined; issue_date?: string | null | undefined; ... 7 more ...; updated_at?: string | undefined; }, { ...; }>'.
        Type '{ student_id: string; student_name: string; programme_title: string; programme_code: string; registration_no: string; semester_label: string; exam_month_year: string; issue_date: string | null; ... 13 more ...; created_at: string; }' is not assignable to type '{ course_category: never; credits_earned: never; grade: never; grade_points: never; total_credit_points: never; total_credits: never; course_code: never; course_title: never; course_credits: never; row_number: never; }'.
          Types of property 'course_category' are incompatible.
            Type 'string' is not assignable to type 'never'.
src/features/marks/StudentMarksAdminEditor.tsx(107,7): error TS2345: Argument of type '{ student_name: string; programme_title: string; programme_code: string; card_student_name: string; registration_no: string; exam_month_year: string; issue_date: string; semester_label: string; ... 5 more ...; qr_data: string; }' is not assignable to parameter of type 'MainGradeCardHeader'.
  Type '{ student_name: string; programme_title: string; programme_code: string; card_student_name: string; registration_no: string; exam_month_year: string; issue_date: string; semester_label: string; ... 5 more ...; qr_data: string; }' is missing the following properties from type 'Pick<StudentGradeProfile, "exam_month_year" | "final_grade" | "issue_date" | "programme_code" | "programme_title" | "registration_no" | "semester_gpa" | "semester_label" | "total_credit_points" | "total_credits">': total_credit_points, total_credits
src/features/marks/StudentMarksAdminEditor.tsx(114,13): error TS2769: No overload matches this call.
  Overload 1 of 2, '(relation: "students" | "email_otps" | "library_books" | "portal_profiles" | "portal_notifications" | "student_marks" | "student_grade_profiles" | "grade_card_details" | "student_marksheets"): PostgrestQueryBuilder<...>', gave the following error.
    Argument of type '"main_grade_card"' is not assignable to parameter of type '"students" | "email_otps" | "library_books" | "portal_profiles" | "portal_notifications" | "student_marks" | "student_grade_profiles" | "grade_card_details" | "student_marksheets"'.
  Overload 2 of 2, '(relation: never): PostgrestQueryBuilder<{ PostgrestVersion: "14.5"; }, { Tables: { email_otps: { Row: { created_at: string; email: string; expires_at: string; id: string; otp: string; used: boolean; }; Insert: { created_at?: string | undefined; ... 4 more ...; used?: boolean | undefined; }; Update: { ...; }; Relationships: []; }; ... 7 more ...; students: { ...; }; }; Views: {}; Functions: { ...; }; Enums: { ...; }; CompositeTypes: {}; }, never, never, never>', gave the following error.
    Argument of type '"main_grade_card"' is not assignable to parameter of type 'never'.
src/features/marks/StudentMarksAdminEditor.tsx(116,11): error TS2345: Argument of type '"student_id"' is not assignable to parameter of type '"created_at"'.
src/features/marks/StudentMarksAdminEditor.tsx(118,56): error TS2769: No overload matches this call.
  Overload 1 of 2, '(relation: "students" | "email_otps" | "library_books" | "portal_profiles" | "portal_notifications" | "student_marks" | "student_grade_profiles" | "grade_card_details" | "student_marksheets"): PostgrestQueryBuilder<...>', gave the following error.
    Argument of type '"main_grade_card"' is not assignable to parameter of type '"students" | "email_otps" | "library_books" | "portal_profiles" | "portal_notifications" | "student_marks" | "student_grade_profiles" | "grade_card_details" | "student_marksheets"'.
  Overload 2 of 2, '(relation: never): PostgrestQueryBuilder<{ PostgrestVersion: "14.5"; }, { Tables: { email_otps: { Row: { created_at: string; email: string; expires_at: string; id: string; otp: string; used: boolean; }; Insert: { created_at?: string | undefined; ... 4 more ...; used?: boolean | undefined; }; Update: { ...; }; Relationships: []; }; ... 7 more ...; students: { ...; }; }; Views: {}; Functions: { ...; }; Enums: { ...; }; CompositeTypes: {}; }, never, never, never>', gave the following error.
    Argument of type '"main_grade_card"' is not assignable to parameter of type 'never'.
src/features/marks/StudentMarksAdminEditor.tsx(118,82): error TS2769: No overload matches this call.
  Overload 1 of 2, '(values: RejectExcessProperties<{ created_at?: string | undefined; email: string; expires_at: string; id?: string | undefined; otp: string; used?: boolean | undefined; } | { author?: string | null | undefined; borrowed_at?: string | undefined; ... 5 more ...; title: string; } | ... 6 more ... | { ...; }, { ...; } | ... 7 more ... | { ...; }>, options?: { ...; } | undefined): PostgrestFilterBuilder<...>', gave the following error.
    Argument of type 'MainGradeCardRow[]' is not assignable to parameter of type 'RejectExcessProperties<{ created_at?: string | undefined; email: string; expires_at: string; id?: string | undefined; otp: string; used?: boolean | undefined; } | { author?: string | null | undefined; borrowed_at?: string | undefined; ... 5 more ...; title: string; } | ... 6 more ... | { ...; }, { ...; } | ... 7 mor...'.
  Overload 2 of 2, '(values: RejectExcessProperties<{ created_at?: string | undefined; email: string; expires_at: string; id?: string | undefined; otp: string; used?: boolean | undefined; } | { author?: string | null | undefined; borrowed_at?: string | undefined; ... 5 more ...; title: string; } | ... 6 more ... | { ...; }, { ...; } | ... 7 more ... | { ...; }>[], options?: { ...; } | undefined): PostgrestFilterBuilder<...>', gave the following error.
    Argument of type 'MainGradeCardRow[]' is not assignable to parameter of type 'RejectExcessProperties<{ created_at?: string | undefined; email: string; expires_at: string; id?: string | undefined; otp: string; used?: boolean | undefined; } | { author?: string | null | undefined; borrowed_at?: string | undefined; ... 5 more ...; title: string; } | ... 6 more ... | { ...; }, { ...; } | ... 7 mor...'.
      Type 'MainGradeCardRow' is not assignable to type 'RejectExcessProperties<{ created_at?: string | undefined; email: string; expires_at: string; id?: string | undefined; otp: string; used?: boolean | undefined; } | { author?: string | null | undefined; borrowed_at?: string | undefined; ... 5 more ...; title: string; } | ... 6 more ... | { ...; }, { ...; } | ... 7 mor...'.
        Type 'MainGradeCardRow' is not assignable to type '{ courses: Json; created_at?: string | undefined; exam_month_year: string; final_grade?: string | undefined; grade_card_no: string; id?: string | undefined; issue_date: string; ... 16 more ...; updated_at?: string | undefined; } & {}'.
          Type 'MainGradeCardRow' is missing the following properties from type '{ courses: Json; created_at?: string | undefined; exam_month_year: string; final_grade?: string | undefined; grade_card_no: string; id?: string | undefined; issue_date: string; photo_bucket?: string | ... 1 more ... | undefined; ... 15 more ...; updated_at?: string | undefined; }': courses, grade_card_no, school_name, student_roll_no
src/features/marks/StudentMarksAdminEditor.tsx(180,23): error TS2352: Conversion of type 'SelectQueryError<"column 'course_priority' does not exist on 'student_marks'.">[] | null' to type 'DraftMark[]' may be a mistake because neither type sufficiently overlaps with the other. If this was intentional, convert the expression to 'unknown' first.
  Type 'SelectQueryError<"column 'course_priority' does not exist on 'student_marks'.">[]' is not comparable to type 'DraftMark[]'.
    Type 'SelectQueryError<"column 'course_priority' does not exist on 'student_marks'.">' is not comparable to type 'DraftMark'.
      Type '{ error: true; } & String' is missing the following properties from type 'StudentMarkRow': subject, subject_code, credits, marks_obtained, and 2 more.
src/lib/portal.ts(10,10): error TS2678: Type '"faculty"' is not comparable to type 'PortalType'.
src/lib/portal.ts(54,10): error TS2678: Type '"faculty"' is not comparable to type 'PortalType'.
src/routes/faculty.index.tsx(237,64): error TS2345: Argument of type '{ grade_card_issue_date: string; faculty_verified?: boolean; admin_verified?: boolean; fully_verified?: boolean; }' is not assignable to parameter of type 'RejectExcessProperties<{ admin_verified?: boolean | undefined; auth_user_id?: string | null | undefined; created_at?: string | undefined; faculty_verified?: boolean | undefined; fully_verified?: boolean | undefined; ... 18 more ...; year?: number | undefined; }, { ...; }>'.
  Type '{ grade_card_issue_date: string; faculty_verified?: boolean; admin_verified?: boolean; fully_verified?: boolean; }' is not assignable to type '{ grade_card_issue_date: never; }'.
    Types of property 'grade_card_issue_date' are incompatible.
      Type 'string' is not assignable to type 'never'.
src/routes/super-admin.index.tsx(780,17): error TS2769: No overload matches this call.
  Overload 1 of 2, '(relation: "students" | "email_otps" | "library_books" | "portal_profiles" | "portal_notifications" | "student_marks" | "student_grade_profiles" | "grade_card_details" | "student_marksheets"): PostgrestQueryBuilder<...>', gave the following error.
    Argument of type '"main_grade_card"' is not assignable to parameter of type '"students" | "email_otps" | "library_books" | "portal_profiles" | "portal_notifications" | "student_marks" | "student_grade_profiles" | "grade_card_details" | "student_marksheets"'.
  Overload 2 of 2, '(relation: never): PostgrestQueryBuilder<{ PostgrestVersion: "14.5"; }, { Tables: { email_otps: { Row: { created_at: string; email: string; expires_at: string; id: string; otp: string; used: boolean; }; Insert: { created_at?: string | undefined; ... 4 more ...; used?: boolean | undefined; }; Update: { ...; }; Relationships: []; }; ... 7 more ...; students: { ...; }; }; Views: {}; Functions: { ...; }; Enums: { ...; }; CompositeTypes: {}; }, never, never, never>', gave the following error.
    Argument of type '"main_grade_card"' is not assignable to parameter of type 'never'.
src/routes/super-admin.index.tsx(795,17): error TS2769: No overload matches this call.
  Overload 1 of 2, '(relation: "students" | "email_otps" | "library_books" | "portal_profiles" | "portal_notifications" | "student_marks" | "student_grade_profiles" | "grade_card_details" | "student_marksheets"): PostgrestQueryBuilder<...>', gave the following error.
    Argument of type '"main_grade_card"' is not assignable to parameter of type '"students" | "email_otps" | "library_books" | "portal_profiles" | "portal_notifications" | "student_marks" | "student_grade_profiles" | "grade_card_details" | "student_marksheets"'.
  Overload 2 of 2, '(relation: never): PostgrestQueryBuilder<{ PostgrestVersion: "14.5"; }, { Tables: { email_otps: { Row: { created_at: string; email: string; expires_at: string; id: string; otp: string; used: boolean; }; Insert: { created_at?: string | undefined; ... 4 more ...; used?: boolean | undefined; }; Update: { ...; }; Relationships: []; }; ... 7 more ...; students: { ...; }; }; Views: {}; Functions: { ...; }; Enums: { ...; }; CompositeTypes: {}; }, never, never, never>', gave the following error.
    Argument of type '"main_grade_card"' is not assignable to parameter of type 'never'.
src/routes/super-admin.index.tsx(808,11): error TS2322: Type 'string' is not assignable to type 'never'.
src/routes/super-admin.index.tsx(882,11): error TS2769: No overload matches this call.
  Overload 1 of 2, '(values: RejectExcessProperties<{ courses: Json; created_at?: string | undefined; exam_month_year: string; final_grade?: string | undefined; grade_card_no: string; id?: string | undefined; issue_date: string; ... 16 more ...; updated_at?: string | undefined; }, { ...; }>, options?: { ...; } | undefined): PostgrestFilterBuilder<...>', gave the following error.
    Argument of type '{ student_id: string; student_roll_no: string; university: string; school_name: string; programme_title: string; programme_code: string; student_name: string; registration_no: string; semester_label: string; ... 13 more ...; updated_at: string; }[]' is not assignable to parameter of type 'RejectExcessProperties<{ courses: Json; created_at?: string | undefined; exam_month_year: string; final_grade?: string | undefined; grade_card_no: string; id?: string | undefined; issue_date: string; ... 16 more ...; updated_at?: string | undefined; }, { ...; }>'.
      Type '{ student_id: string; student_roll_no: string; university: string; school_name: string; programme_title: string; programme_code: string; student_name: string; registration_no: string; semester_label: string; ... 13 more ...; updated_at: string; }[]' is missing the following properties from type '{ courses: Json; created_at?: string | undefined; exam_month_year: string; final_grade?: string | undefined; grade_card_no: string; id?: string | undefined; issue_date: string; photo_bucket?: string | ... 1 more ... | undefined; ... 15 more ...; updated_at?: string | undefined; }': courses, exam_month_year, grade_card_no, issue_date, and 9 more.
  Overload 2 of 2, '(values: RejectExcessProperties<{ courses: Json; created_at?: string | undefined; exam_month_year: string; final_grade?: string | undefined; grade_card_no: string; id?: string | undefined; issue_date: string; ... 16 more ...; updated_at?: string | undefined; }, { ...; }>[], options?: { ...; } | undefined): PostgrestFilterBuilder<...>', gave the following error.
    Argument of type '{ student_id: string; student_roll_no: string; university: string; school_name: string; programme_title: string; programme_code: string; student_name: string; registration_no: string; semester_label: string; ... 13 more ...; updated_at: string; }[]' is not assignable to parameter of type 'RejectExcessProperties<{ courses: Json; created_at?: string | undefined; exam_month_year: string; final_grade?: string | undefined; grade_card_no: string; id?: string | undefined; issue_date: string; ... 16 more ...; updated_at?: string | undefined; }, { ...; }>[]'.
      Type '{ student_id: string; student_roll_no: string; university: string; school_name: string; programme_title: string; programme_code: string; student_name: string; registration_no: string; semester_label: string; ... 13 more ...; updated_at: string; }' is not assignable to type 'RejectExcessProperties<{ courses: Json; created_at?: string | undefined; exam_month_year: string; final_grade?: string | undefined; grade_card_no: string; id?: string | undefined; issue_date: string; ... 16 more ...; updated_at?: string | undefined; }, { ...; }>'.
        Type '{ student_id: string; student_roll_no: string; university: string; school_name: string; programme_title: string; programme_code: string; student_name: string; registration_no: string; semester_label: string; ... 13 more ...; updated_at: string; }' is not assignable to type '{ cgpa: never; }'.
          Types of property 'cgpa' are incompatible.
            Type 'number' is not assignable to type 'never'.
src/routes/super-admin.index.tsx(890,11): error TS2769: No overload matches this call.
  Overload 1 of 2, '(values: RejectExcessProperties<{ created_at?: string | undefined; exam_month_year?: string | null | undefined; final_grade?: string | null | undefined; id?: string | undefined; issue_date?: string | null | undefined; ... 7 more ...; updated_at?: string | undefined; }, { ...; }>, options?: { ...; } | undefined): PostgrestFilterBuilder<...>', gave the following error.
    Argument of type '{ student_id: string; student_name: string; programme_title: string; programme_code: string; registration_no: string; semester_label: string; exam_month_year: string; issue_date: string; ... 4 more ...; created_at: string; }[]' is not assignable to parameter of type 'RejectExcessProperties<{ created_at?: string | undefined; exam_month_year?: string | null | undefined; final_grade?: string | null | undefined; id?: string | undefined; issue_date?: string | null | undefined; ... 7 more ...; updated_at?: string | undefined; }, { ...; }>'.
      Type '{ student_id: string; student_name: string; programme_title: string; programme_code: string; registration_no: string; semester_label: string; exam_month_year: string; issue_date: string; ... 4 more ...; created_at: string; }[]' is missing the following properties from type '{ created_at?: string | undefined; exam_month_year?: string | null | undefined; final_grade?: string | null | undefined; id?: string | undefined; issue_date?: string | null | undefined; ... 7 more ...; updated_at?: string | undefined; }': programme_code, programme_title, student_id, student_name
  Overload 2 of 2, '(values: RejectExcessProperties<{ created_at?: string | undefined; exam_month_year?: string | null | undefined; final_grade?: string | null | undefined; id?: string | undefined; issue_date?: string | null | undefined; ... 7 more ...; updated_at?: string | undefined; }, { ...; }>[], options?: { ...; } | undefined): PostgrestFilterBuilder<...>', gave the following error.
    Argument of type '{ student_id: string; student_name: string; programme_title: string; programme_code: string; registration_no: string; semester_label: string; exam_month_year: string; issue_date: string; ... 4 more ...; created_at: string; }[]' is not assignable to parameter of type 'RejectExcessProperties<{ created_at?: string | undefined; exam_month_year?: string | null | undefined; final_grade?: string | null | undefined; id?: string | undefined; issue_date?: string | null | undefined; ... 7 more ...; updated_at?: string | undefined; }, { ...; }>[]'.
      Type '{ student_id: string; student_name: string; programme_title: string; programme_code: string; registration_no: string; semester_label: string; exam_month_year: string; issue_date: string; ... 4 more ...; created_at: string; }' is not assignable to type 'RejectExcessProperties<{ created_at?: string | undefined; exam_month_year?: string | null | undefined; final_grade?: string | null | undefined; id?: string | undefined; issue_date?: string | null | undefined; ... 7 more ...; updated_at?: string | undefined; }, { ...; }>'.
        Type '{ student_id: string; student_name: string; programme_title: string; programme_code: string; registration_no: string; semester_label: string; exam_month_year: string; issue_date: string; ... 4 more ...; created_at: string; }' is not assignable to type '{ cgpa: never; }'.
          Types of property 'cgpa' are incompatible.
            Type 'number' is not assignable to type 'never'.
